// Jest Snapshot v1, https://goo.gl/fbAQLP

exports[`renders correctly 1`] = `
<div
  className="app"
>
  <Title />
  <Box>
    <Input
      onCreateTodo={[Function]}
      onSelectAll={[Function]}
    />
    <TaskList
      list={
        Array [
          Object {
            "id": 0,
            "text": "My first todo",
          },
        ]
      }
      onRemoveItem={[Function]}
    />
    <Footer
      size={1}
    />
  </Box>
</div>
`;
