// Jest Snapshot v1, https://goo.gl/fbAQLP

exports[`renders correctly 1`] = `
<ol
  className="list"
>
  <TaskItem
    id={1}
    key="1"
    onRemoveItem={[Function]}
    text="Some text"
  />
  <TaskItem
    id={2}
    key="2"
    onRemoveItem={[Function]}
    text="Some other text"
  />
</ol>
`;

exports[`renders correctly with empty list 1`] = `""`;
